    Nodes    |    Current Node    |     Objective Bounds      |     Work
 Expl Unexpl |  Obj  Depth IntInf | Incumbent    BestBd   Gap | It/Node Time

 7982349 4103750  -26.05411   70  325  -31.09565  -25.04111  19.5%   450 191058s
 7984554 4105253  -25.24465   52  329  -31.09565  -25.04113  19.5%   450 191097s
 7986936 4107601  -29.24026  105  276  -31.09565  -25.04114  19.5%   450 191134s
 7990200 4109342  -30.15099  129  242  -31.09565  -25.04117  19.5%   450 191169s
 7992587 4111067  -25.67161   87  322  -31.09565  -25.04119  19.5%   450 191205s
 7995061 4113352  -26.96783   57  253  -31.09565  -25.04122  19.5%   450 191249s
 7998202 4114977  -27.19017   73  291  -31.09565  -25.04125  19.5%   450 191294s
 8000770 4117219  -26.96136  100  244  -31.09565  -25.04125  19.5%   450 191335s
 8004073 4119243  -25.33860   66  281  -31.09565  -25.04128  19.5%   450 191375s
 8006932 4121637  -26.05100   63  309  -31.09565  -25.04131  19.5%   450 191410s
 8010628 4123390  -25.40313   80  307  -31.09565  -25.04133  19.5%   450 191445s
 8013084 4124746  -30.89940   71  229  -31.09565  -25.04135  19.5%   450 191478s
 8015171 4126846  -25.89317   70  318  -31.09565  -25.04137  19.5%   450 191521s
 8018120 4129688  -30.79920   72  229  -31.09565  -25.04140  19.5%   450 191564s
 8021656 4132225  -26.30536  102  270  -31.09565  -25.04141  19.5%   450 191605s
 8025055 4134478  -25.45371   56  301  -31.09565  -25.04144  19.5%   450 191644s
 8028071 4136578  -25.65969   73  300  -31.09565  -25.04145  19.5%   450 191673s
 8030977 4139056  -25.12573   67  318  -31.09565  -25.04147  19.5%   450 191701s
 8034111 4140523  -30.21847  108  261  -31.09565  -25.04149  19.5%   450 191735s
 8036561 4141862  -27.33651   57  272  -31.09565  -25.04151  19.5%   450 191778s
 8038726 4144051  -25.27742   79  302  -31.09565  -25.04153  19.5%   450 191828s
 8041957 4145163  -28.95156   80  289  -31.09565  -25.04157  19.5%   450 191864s
 8044033 4147236  -25.06266   66  347  -31.09565  -25.04158  19.5%   450 191908s
 8046887 4149721  -25.39926   76  339  -31.09565  -25.04160  19.5%   450 191950s
 8050298 4151595     cutoff   64       -31.09565  -25.04163  19.5%   450 191999s
 8052958 4154064  -25.07916   51  309  -31.09565  -25.04164  19.5%   450 192045s
 8056213 4156175  -27.44606   90  197  -31.09565  -25.04167  19.5%   450 192079s
 8059104 4158152  -25.14221   56  307  -31.09565  -25.04170  19.5%   450 192117s
 8061729 4160257  -25.71959   68  333  -31.09565  -25.04172  19.5%   450 192154s
 8064526 4161728  -28.88013   95  208  -31.09565  -25.04175  19.5%   450 192197s
 8066751 4163461  -25.62881   53  304  -31.09565  -25.04176  19.5%   450 192233s
 8069187 4165657  -25.13839   79  292  -31.09565  -25.04177  19.5%   450 192269s
 8072148 4167950  -30.47693   70  239  -31.09565  -25.04180  19.5%   450 192304s
 8075138 4169981  -26.77306   70  225  -31.09565  -25.04183  19.5%   450 192335s
 8077985 4171645  -25.08645   88  332  -31.09565  -25.04185  19.5%   450 192375s
 8080453 4173390  -26.21801   75  298  -31.09565  -25.04186  19.5%   450 192410s
 8082985 4174748  -27.12570   77  245  -31.09565  -25.04189  19.5%   451 192443s
 8085280 4176600  -29.55874  112  261  -31.09565  -25.04190  19.5%   451 192484s
 8088215 4178245  -25.12953   60  315  -31.09565  -25.04193  19.5%   451 192521s
 8090766 4180465     cutoff   80       -31.09565  -25.04196  19.5%   451 192567s
 8093799 4182818  -25.48401   81  294  -31.09565  -25.04197  19.5%   451 192613s
 8097021 4184756  -30.50106   87  232  -31.09565  -25.04200  19.5%   451 192648s
 8099708 4186974  -28.18553   78  221  -31.09565  -25.04203  19.5%   451 192677s
 8102637 4188304     cutoff  134       -31.09565  -25.04205  19.5%   451 192713s
 8104677 4189902  -26.16185   72  261  -31.09565  -25.04206  19.5%   451 192740s
 8107102 4191902  -29.13120  158  163  -31.09565  -25.04208  19.5%   451 192777s
 8109727 4194311  -26.35025   95  298  -31.09565  -25.04211  19.5%   451 192817s
 8113004 4196287  -25.06578   78  321  -31.09565  -25.04213  19.5%   451 192862s
 8115804 4198250  -25.09047   54  315  -31.09565  -25.04214  19.5%   451 192898s
 8118543 4200148  -29.89475  123  252  -31.09565  -25.04216  19.5%   451 192940s
 8121289 4201537  -30.54481   81  239  -31.09565  -25.04219  19.5%   451 192974s
 8123415 4203884  -25.54052   65  319  -31.09565  -25.04222  19.5%   451 193017s
 8126558 4205766  -30.81883   77  208  -31.09565  -25.04224  19.5%   451 193050s
 8129271 4207962     cutoff   74       -31.09565  -25.04227  19.5%   451 193078s
 8132138 4209525  -30.53210  161  198  -31.09565  -25.04230  19.5%   451 193108s
 8134511 4210499     cutoff   66       -31.09565  -25.04232  19.5%   451 193148s
 8136256 4212477  -27.17033   83  250  -31.09565  -25.04233  19.5%   451 193182s
 8139001 4215126  -26.42651   87  265  -31.09565  -25.04234  19.5%   451 193213s
 8142396 4217720  -26.76013  123  264  -31.09565  -25.04236  19.5%   451 193247s
 8145681 4220194  -25.30963   59  328  -31.09565  -25.04239  19.5%   451 193282s
 8149004 4222999     cutoff  109       -31.09565  -25.04239  19.5%   451 193317s
 8152594 4224756  -25.36520   57  295  -31.09565  -25.04242  19.5%   451 193345s
 8154846 4226640  -25.06503   62  328  -31.09565  -25.04243  19.5%   451 193375s
 8157320 4227824  -25.62640   72  330  -31.09565  -25.04245  19.5%   451 193402s
 8159080 4229514  -25.49985   73  325  -31.09565  -25.04247  19.5%   451 193436s
 8161328 4231269  -27.23801  195  221  -31.09565  -25.04249  19.5%   451 193476s
 8163682 4233320  -25.37198   65  311  -31.09565  -25.04251  19.5%   451 193505s
 8166374 4235537  -25.97544   61  297  -31.09565  -25.04253  19.5%   451 193535s
 8169360 4236873  -25.49652   71  274  -31.09565  -25.04255  19.5%   451 193574s
 8171314 4238834  -25.28659   81  298  -31.09565  -25.04258  19.5%   451 193617s
 8174051 4241000     cutoff  129       -31.09565  -25.04260  19.5%   451 193647s
 8176953 4242439  -26.05122   62  324  -31.09565  -25.04262  19.5%   451 193680s
 8178876 4244349  -25.13572   62  310  -31.09565  -25.04264  19.5%   451 193713s
 8181400 4245709 infeasible   82       -31.09565  -25.04266  19.5%   451 193748s
 8183664 4247235  -25.10118   52  320  -31.09565  -25.04268  19.5%   451 193781s
 8186011 4249286  -26.60781  126  263  -31.09565  -25.04269  19.5%   451 193816s
 8188936 4251874  -25.10042   66  339  -31.09565  -25.04272  19.5%   451 193852s
 8192208 4254222  -27.24069  134  226  -31.09565  -25.04274  19.5%   451 193884s
 8195304 4256598  -30.34979  189  158  -31.09565  -25.04276  19.5%   451 193912s
 8198421 4258362  -26.81840  133  255  -31.09565  -25.04278  19.5%   451 193943s
 8200771 4260589  -26.14929   84  297  -31.09565  -25.04280  19.5%   451 193971s
 8203626 4262048  -25.16234   56  327  -31.09565  -25.04281  19.5%   451 194000s
 8205945 4263588  -27.08624   58  270  -31.09565  -25.04283  19.5%   451 194029s
 8208094 4265271  -26.10616   76  310  -31.09565  -25.04284  19.5%   451 194059s
 8210568 4266285  -25.35065   48  322  -31.09565  -25.04288  19.5%   451 194089s
 8212476 4267771  -25.87578   66  293  -31.09565  -25.04289  19.5%   451 194132s
 8214744 4269497  -25.72801   73  307  -31.09565  -25.04291  19.5%   451 194165s
 8217400 4271374  -26.73521   84  285  -31.09565  -25.04293  19.5%   451 194198s
 8219992 4272734     cutoff   57       -31.09565  -25.04296  19.5%   451 194234s
 8222145 4274638  -25.72822   73  276  -31.09565  -25.04298  19.5%   451 194293s
 8224841 4278000  -25.17573   79  327  -31.09565  -25.04300  19.5%   451 194319s
 8228909 4279615  -30.47721  184  215  -31.09565  -25.04301  19.5%   451 194341s
 8231130 4281796     cutoff   82       -31.09565  -25.04304  19.5%   451 194403s
 8233980 4283578  -25.99757   69  291  -31.09565  -25.04307  19.5%   451 194439s
 8236367 4285312  -25.04759   55  344  -31.09565  -25.04309  19.5%   451 194464s
 8239022 4287290  -25.30726   70  338  -31.09565  -25.04310  19.5%   451 194499s
 8241898 4289093  -25.42775   64  345  -31.09565  -25.04313  19.5%   452 194534s
 8244547 4290149     cutoff   83       -31.09565  -25.04315  19.5%   452 194559s
 8246435 4291434  -27.20316   82  296  -31.09565  -25.04317  19.5%   452 194588s
 8248872 4293970  -25.25063   55  323  -31.09565  -25.04320  19.5%   452 194620s
 8252340 4295480     cutoff  118       -31.09565  -25.04322  19.5%   452 194652s
 8254554 4297575     cutoff  140       -31.09565  -25.04325  19.5%   452 194684s
 8257599 4299437     cutoff  119       -31.09565  -25.04326  19.5%   452 194714s
 8260440 4300485     cutoff   79       -31.09565  -25.04328  19.5%   452 194747s
 8262482 4302625  -28.64915   94  235  -31.09565  -25.04330  19.5%   452 194786s
 8265558 4304691  -30.45193   77  203  -31.09565  -25.04333  19.5%   452 194814s
 8268351 4306166     cutoff   70       -31.09565  -25.04336  19.5%   452 194840s
 8270624 4308355  -25.32624   62  305  -31.09565  -25.04337  19.5%   452 194874s
 8273496 4310405  -29.37805   80  180  -31.09565  -25.04340  19.5%   452 194906s
 8276419 4312037  -25.87836   69  293  -31.09565  -25.04342  19.5%   452 194935s
 8278772 4313965  -25.90039   72  317  -31.09565  -25.04344  19.5%   452 194964s
 8281609 4315661  -25.41776   57  316  -31.09565  -25.04345  19.5%   452 194993s
 8284125 4317675  -25.33588   68  349  -31.09565  -25.04347  19.5%   452 195022s
 8286887 4319296  -30.64227   77  233  -31.09565  -25.04349  19.5%   452 195057s
 8289343 4320786  -27.66290  170  215  -31.09565  -25.04351  19.5%   452 195591s
 8291624 4322758  -25.45334   65  261  -31.09565  -25.04353  19.5%   452 195609s
 8294330 4324678  -30.59507   78  238  -31.09565  -25.04355  19.5%   452 195625s
 8297110 4327174  -28.50592  125  212  -31.09565  -25.04358  19.5%   452 195644s
 8300553 4328826  -25.09887   56  335  -31.09565  -25.04361  19.5%   452 195665s
 8302902 4330679  -25.11047   61  360  -31.09565  -25.04364  19.5%   452 195686s
 8305474 4333048  -25.04871   57  342  -31.09565  -25.04368  19.5%   452 195709s
 8308563 4334530  -25.66432   77  310  -31.09565  -25.04370  19.5%   452 195730s
 8311103 4335976  -25.13139   51  340  -31.09565  -25.04373  19.5%   452 195750s
 8313321 4338730     cutoff  114       -31.09565  -25.04374  19.5%   452 195885s
 8316903 4340551  -26.43234  115  281  -31.09565  -25.04377  19.5%   452 195902s
 8319451 4342375  -25.18993   50  306  -31.09565  -25.04380  19.5%   452 195933s
 8321935 4344396  -30.16352   86  261  -31.09565  -25.04383  19.5%   452 195962s
 8324712 4346331  -26.27082  130  260  -31.09565  -25.04385  19.5%   452 195988s
 8327482 4347605  -26.82045   85  236  -31.09565  -25.04387  19.5%   452 196015s
 8329669 4349340  -25.24939   79  301  -31.09565  -25.04388  19.5%   452 196041s
 8332144 4350563  -26.48002  131  259  -31.09565  -25.04391  19.5%   452 196071s
 8334437 4352158  -25.09304   53  325  -31.09565  -25.04394  19.5%   453 196101s
 8336790 4354624  -25.78643   65  332  -31.09565  -25.04396  19.5%   453 196138s
 8340132 4356344     cutoff  155       -31.09565  -25.04398  19.5%   453 196172s
 8342490 4359104     cutoff  107       -31.09565  -25.04399  19.5%   453 196206s
 8346038 4361479  -26.22209   76  296  -31.09565  -25.04401  19.5%   453 196245s
 8349164 4363160     cutoff   78       -31.09565  -25.04404  19.5%   453 196276s
 8351497 4365102     cutoff   92       -31.09565  -25.04406  19.5%   453 196306s
 8354101 4366407     cutoff   74       -31.09565  -25.04408  19.5%   453 196337s
 8356274 4368319  -26.56978  179  252  -31.09565  -25.04410  19.5%   453 196372s
 8359019 4369562  -30.65704   64  262  -31.09565  -25.04412  19.5%   453 196400s
 8360916 4371336  -29.53549  138  253  -31.09565  -25.04415  19.5%   453 196443s
 8363558 4373610  -25.25947   80  299  -31.09565  -25.04416  19.5%   453 196490s
 8366652 4375838  -30.58637   90  243  -31.09565  -25.04418  19.5%   453 196528s
 8369585 4378114  -30.38495   75  243  -31.09565  -25.04420  19.5%   453 196563s
 8372935 4380383     cutoff   93       -31.09565  -25.04422  19.5%   453 196606s
 8376117 4382267  -25.34077   73  338  -31.09565  -25.04425  19.5%   453 196627s
 8378767 4384369     cutoff  102       -31.09565  -25.04427  19.5%   453 196644s
 8381487 4386258  -31.00561   87  255  -31.09565  -25.04429  19.5%   453 196657s
 8384093 4388441  -26.31700   97  293  -31.09565  -25.04432  19.5%   453 196685s
 8386968 4389798  -31.08388  183  158  -31.09565  -25.04434  19.5%   453 196709s
 8389044 4391008  -25.19249   55  318  -31.09565  -25.04436  19.5%   453 196737s
 8391092 4392869  -29.75871  146  135  -31.09565  -25.04437  19.5%   453 196771s
 8393919 4395560  -25.50751   61  282  -31.09565  -25.04439  19.5%   453 196807s
 8397321 4397168  -29.44726   94  260  -31.09565  -25.04441  19.5%   453 196840s
 8399582 4399190     cutoff   69       -31.09565  -25.04442  19.5%   453 196876s
 8402318 4401159  -25.28862   55  304  -31.09565  -25.04445  19.5%   453 196907s
 8405073 4402890  -25.82760   59  286  -31.09565  -25.04448  19.5%   453 196939s
 8407351 4405078  -26.20421   86  287  -31.09565  -25.04450  19.5%   453 196975s
 8410247 4407042  -29.23772   70  248  -31.09565  -25.04452  19.5%   453 197013s
 8412961 4409008  -25.77700   65  287  -31.09565  -25.04454  19.5%   453 197049s
 8415602 4410670     cutoff   80       -31.09565  -25.04457  19.5%   453 197084s
 8418164 4412844  -28.13223   63  288  -31.09565  -25.04458  19.5%   453 197120s
 8421036 4414762  -27.56039   73  250  -31.09565  -25.04460  19.5%   453 197156s
 8423623 4416986  -27.17335  148  227  -31.09565  -25.04462  19.5%   453 197194s
 8426585 4418916  -26.50722  128  268  -31.09565  -25.04464  19.5%   453 197230s
 8429219 4420725  -25.22185   52  324  -31.09565  -25.04466  19.5%   453 197271s
 8431782 4422578     cutoff   76       -31.09565  -25.04468  19.5%   453 197310s
 8434434 4424819  -25.05217   53  340  -31.09565  -25.04470  19.5%   453 197348s
 8437512 4426240  -27.15558  106  239  -31.09565  -25.04471  19.5%   453 197382s
 8439711 4427268     cutoff   73       -31.09565  -25.04473  19.5%   453 197421s
 8441921 4429058  -25.37480   54  305  -31.09565  -25.04475  19.5%   453 197457s
 8444482 4430675     cutoff  154       -31.09565  -25.04476  19.5%   453 197496s
 8446836 4432427  -27.15342   76  276  -31.09565  -25.04479  19.5%   453 197534s
 8449266 4434478  -25.10248   63  346  -31.09565  -25.04483  19.5%   453 197566s
 8451877 4436923  -26.56193   87  295  -31.09565  -25.04485  19.5%   453 197600s
 8454999 4438087  -25.82977   61  297  -31.09565  -25.04486  19.5%   453 197632s
 8456798 4439570  -28.52327   68  273  -31.09565  -25.04488  19.5%   453 197664s
 8459185 4442032  -29.11711   96  250  -31.09565  -25.04491  19.5%   453 197698s
 8462569 4444013  -30.54925   81  192  -31.09565  -25.04492  19.5%   453 197730s
 8465321 4446037  -25.11240   90  303  -31.09565  -25.04493  19.5%   453 197762s
 8467997 4447541  -25.45516   62  298  -31.09565  -25.04498  19.5%   453 197796s
 8470248 4449632     cutoff   82       -31.09565  -25.04500  19.5%   454 197831s
 8472928 4451830  -29.74302  130  253  -31.09565  -25.04501  19.5%   454 197869s
 8476028 4453746  -25.84242   70  315  -31.09565  -25.04502  19.5%   454 197900s
 8478627 4455300     cutoff   76       -31.09565  -25.04505  19.5%   454 197932s
 8480905 4457060  -25.76648   69  314  -31.09565  -25.04508  19.5%   454 197962s
 8483238 4459989  -26.60324  146  237  -31.09565  -25.04509  19.5%   454 197994s
 8486888 4461704  -26.37110   93  285  -31.09565  -25.04511  19.5%   453 198024s
 8489154 4462921  -25.43023   62  311  -31.09565  -25.04513  19.5%   454 198054s
 8491039 4464407  -25.13546   53  306  -31.09565  -25.04514  19.5%   454 198087s
 8493222 4466097  -26.90478  188  222  -31.09565  -25.04516  19.5%   454 198121s
 8495759 4468610  -26.35977  110  244  -31.09565  -25.04518  19.5%   454 198159s
 8498951 4470366  -26.31050   97  277  -31.09565  -25.04519  19.5%   454 198189s
 8501280 4472713  -26.62121  119  226  -31.09565  -25.04521  19.5%   454 198222s
 8504278 4474072  -25.34506   74  318  -31.09565  -25.04523  19.5%   454 198254s
 8506217 4475795  -27.11507   84  255  -31.09565  -25.04525  19.5%   454 198290s
 8508738 4477445  -25.36233   58  308  -31.09565  -25.04527  19.5%   454 198324s
 8511099 4479458  -25.25736   83  313  -31.09565  -25.04528  19.5%   454 198357s
 8513634 4481192  -30.26876  110  227  -31.09565  -25.04530  19.5%   454 198392s
 8516072 4482540  -26.35362   98  271  -31.09565  -25.04531  19.5%   454 198428s
 8518200 4484288  -26.93575   79  240  -31.09565  -25.04533  19.5%   454 198464s
 8520679 4486141  -25.34689   67  271  -31.09565  -25.04536  19.5%   454 198502s
 8523238 4488428  -26.83650  136  260  -31.09565  -25.04539  19.5%   454 198539s
 8526320 4490092  -25.22614   63  318  -31.09565  -25.04541  19.5%   454 198582s
 8528724 4492117  -29.17257   85  207  -31.09565  -25.04543  19.5%   454 198620s
 8531614 4494434  -25.42546   85  283  -31.09565  -25.04547  19.5%   454 198662s
 8534725 4497096  -27.39434  135  232  -31.09565  -25.04550  19.5%   454 198704s
 8538114 4498972  -25.38619   58  325  -31.09565  -25.04552  19.5%   454 198735s
 8540657 4500572  -29.50573  126  268  -31.09565  -25.04554  19.5%   454 198769s
 8543093 4502153     cutoff   62       -31.09565  -25.04556  19.5%   454 198810s
 8545542 4504859  -25.55948   66  314  -31.09565  -25.04559  19.5%   454 198847s
 8549016 4507337  -26.23855  124  252  -31.09565  -25.04561  19.5%   454 198880s
 8552285 4508868  -25.08033   65  337  -31.09565  -25.04562  19.5%   454 198911s
 8554775 4510966  -26.44078  108  306  -31.09565  -25.04565  19.5%   454 198943s
 8557597 4512704  -25.29409   78  323  -31.09565  -25.04567  19.5%   454 198973s
 8559930 4515274  -25.56695   62  268  -31.09565  -25.04569  19.5%   454 199005s
 8563263 4517104  -26.15169   72  306  -31.09565  -25.04570  19.5%   454 199038s
 8565807 4518514  -26.29301   96  302  -31.09565  -25.04572  19.5%   454 199079s
 8567990 4520849  -25.70588   83  312  -31.09565  -25.04575  19.5%   454 199122s
 8571137 4522636  -25.49201   58  295  -31.09565  -25.04578  19.5%   454 199158s
 8573954 4525070  -30.87655   86  230  -31.09565  -25.04580  19.5%   454 199195s
 8577088 4526683  -26.10773   85  313  -31.09565  -25.04583  19.5%   454 199231s
 8579665 4528450  -25.76535   82  298  -31.09565  -25.04585  19.5%   454 199266s
 8582198 4530035  -25.57962   81  320  -31.09565  -25.04587  19.5%   454 199304s
 8584654 4531772  -29.45543   80  268  -31.09565  -25.04589  19.5%   454 199342s
 8587171 4533433  -25.48508   65  317  -31.09565  -25.04591  19.5%   454 199374s
 8589519 4535715  -25.72693   65  302  -31.09565  -25.04592  19.5%   454 199416s
 8592528 4537862  -25.90617   68  300  -31.09565  -25.04595  19.5%   454 199453s
 8595408 4539979  -25.76473   75  306  -31.09565  -25.04598  19.5%   454 199492s
 8598152 4542991  -30.14141  168  146  -31.09565  -25.04601  19.5%   454 199531s
 8601870 4545447  -27.15416  134  220  -31.09565  -25.04602  19.5%   454 199565s
 8605062 4547438     cutoff   92       -31.09565  -25.04603  19.5%   454 199596s
 8607738 4548558  -27.73584   81  287  -31.09565  -25.04606  19.5%   454 199626s
 8609532 4550646     cutoff   71       -31.09565  -25.04608  19.5%   454 199660s
 8612402 4552288  -25.18906   52  326  -31.09565  -25.04609  19.5%   454 199693s
 8614819 4554200  -28.29593   78  240  -31.09565  -25.04611  19.5%   454 199729s
 8617411 4556224     cutoff  126       -31.09565  -25.04613  19.5%   454 199763s
 8620051 4557804  -26.62720   68  266  -31.09565  -25.04615  19.5%   454 199790s
 8622554 4559411  -25.93149   82  329  -31.09565  -25.04616  19.5%   454 199825s
 8625102 4561078  -25.49335   62  305  -31.09565  -25.04617  19.5%   454 199862s
 8627833 4562237  -30.87100  115  235  -31.09565  -25.04618  19.5%   454 199897s
 8629960 4564444  -25.41291   62  278  -31.09565  -25.04620  19.5%   454 199934s
 8632969 4565838  -27.04325   88  219  -31.09565  -25.04622  19.5%   454 199970s
 8635042 4568354  -28.34755   83  233  -31.09565  -25.04624  19.5%   454 200014s
 8638428 4571103  -30.50871  339  111  -31.09565  -25.04627  19.5%   454 200062s
 8641974 4572464  -27.29599   79  268  -31.09565  -25.04629  19.5%   454 200098s
 8644507 4574151  -27.07908  153  232  -31.09565  -25.04631  19.5%   454 200136s
 8646992 4575651  -25.96059   68  302  -31.09565  -25.04633  19.5%   454 200171s
 8649154 4577607  -26.27539   69  317  -31.09565  -25.04635  19.5%   455 200196s
 8651872 4578844  -26.56235   88  271  -31.09565  -25.04637  19.5%   455 200216s
 8654166 4581071  -25.98262   66  329  -31.09565  -25.04640  19.5%   455 200242s
 8657217 4582747  -25.43806   76  313  -31.09565  -25.04642  19.5%   455 200267s
 8659528 4585348  -27.03974  139  237  -31.09565  -25.04644  19.5%   455 200302s
 8663028 4587314  -30.04111  100  186  -31.09565  -25.04646  19.5%   455 200332s
 8665599 4589441     cutoff   67       -31.09565  -25.04649  19.5%   455 200360s
 8668437 4591779  -25.71849   92  302  -31.09565  -25.04651  19.5%   455 200386s
 8671673 4593720  -29.33556   81  225  -31.09565  -25.04653  19.5%   455 200414s
 8674298 4595751     cutoff   85       -31.09565  -25.04656  19.5%   455 200441s
 8677025 4596877  -28.25025  263  137  -31.09565  -25.04657  19.5%   455 200471s
 8678798 4598379  -26.28407  117  263  -31.09565  -25.04659  19.5%   455 201260s
 8681264 4600202     cutoff   66       -31.09565  -25.04660  19.5%   455 201568s
 8683800 4601942  -25.36259   67  290  -31.09565  -25.04663  19.5%   455 201595s
 8686209 4604301  -25.07320   64  323  -31.09565  -25.04665  19.5%   455 201623s
 8689481 4606206  -25.72753   59  308  -31.09565  -25.04668  19.5%   455 201647s
 8692198 4608329  -27.01594   85  243  -31.09565  -25.04670  19.5%   455 201678s
 8694987 4610285     cutoff   82       -31.09565  -25.04672  19.5%   455 201706s
 8697919 4612375  -30.99634  112  184  -31.09565  -25.04673  19.5%   455 201736s
 8700804 4614633  -25.44529   66  339  -31.09565  -25.04675  19.5%   455 201765s
 8703729 4616048     cutoff   94       -31.09565  -25.04677  19.5%   455 201793s
 8705684 4618920  -31.03026  127  210  -31.09565  -25.04679  19.5%   455 201835s
 8709495 4620662  -29.62568   69  272  -31.09565  -25.04682  19.5%   455 201871s
 8711960 4622878  -25.06859   61  327  -31.09565  -25.04685  19.5%   455 201906s
 8714862 4625582     cutoff   83       -31.09565  -25.04687  19.5%   455 201948s
 8718292 4627590  -30.20322  220  156  -31.09565  -25.04688  19.5%   455 201979s
 8720924 4628768  -25.29308   75  300  -31.09565  -25.04691  19.5%   455 202012s
 8723015 4630690  -27.25603   77  281  -31.09565  -25.04693  19.5%   455 202043s
 8725628 4632519     cutoff   85       -31.09565  -25.04696  19.5%   455 202074s
 8728176 4634634  -26.37051   87  291  -31.09565  -25.04698  19.5%   455 202105s
 8731090 4636667  -25.40253   54  347  -31.09565  -25.04700  19.5%   455 202138s
 8733876 4638473  -29.81115  112  266  -31.09565  -25.04702  19.5%   455 202168s
 8736318 4640499  -30.82826   76  223  -31.09565  -25.04704  19.5%   455 202200s
 8738955 4642757  -29.17463  121  188  -31.09565  -25.04706  19.5%   455 202232s
 8742060 4644072     cutoff   75       -31.09565  -25.04708  19.5%   455 202262s
 8744184 4646129  -25.17498   56  321  -31.09565  -25.04708  19.5%   455 202292s
 8746943 4648283  -26.70937   65  254  -31.09565  -25.04711  19.5%   455 202323s
 8749734 4650810  -25.52198   61  332  -31.09565  -25.04713  19.5%   455 202351s
 8752993 4652095  -25.12077   54  324  -31.09565  -25.04715  19.5%   455 202374s
 8755024 4653273  -25.10571   56  318  -31.09565  -25.04716  19.5%   455 202401s
 8756974 4655294  -28.47632   82  238  -31.09565  -25.04717  19.5%   455 202432s
 8759631 4657933     cutoff   81       -31.09565  -25.04721  19.5%   455 202463s
 8762957 4659605  -26.51040  109  284  -31.09565  -25.04723  19.5%   455 202490s
 8765511 4661185  -25.95812   60  293  -31.09565  -25.04725  19.5%   455 202518s
 8767750 4663486  -26.37695  114  283  -31.09565  -25.04726  19.5%   455 202552s
 8770669 4664520  -25.45884   51  348  -31.09565  -25.04728  19.5%   455 202582s
 8772686 4666554  -25.56309   70  321  -31.09565  -25.04731  19.5%   455 202611s
 8775396 4668554  -29.39513   89  242  -31.09565  -25.04733  19.5%   455 202639s
 8778119 4670132     cutoff  103       -31.09565  -25.04736  19.5%   455 202667s
 8780390 4671571  -27.05240   82  294  -31.09565  -25.04738  19.5%   455 202696s
 8782676 4673442  -29.81119  113  224  -31.09565  -25.04740  19.5%   455 202726s
 8785272 4675297  -26.42804   97  303  -31.09565  -25.04742  19.5%   455 202759s
 8787977 4677349  -26.72234  100  246  -31.09565  -25.04745  19.5%   455 202791s
 8790805 4679677  -28.89606  148  204  -31.09565  -25.04748  19.5%   455 202825s
 8793771 4681698  -28.45467  128  203  -31.09565  -25.04750  19.5%   455 202858s
 8796438 4683774  -30.54485  115  223  -31.09565  -25.04752  19.5%   455 202888s
 8799198 4685287     cutoff   95       -31.09565  -25.04755  19.4%   455 202917s
 8801447 4687352  -25.66624   67  310  -31.09565  -25.04756  19.4%   455 202950s
 8804301 4689234     cutoff   75       -31.09565  -25.04759  19.4%   455 216235s
 8807039 4691388  -26.19252  112  298  -31.09565  -25.04761  19.4%   455 216260s
 8809877 4693756  -29.69383   60  270  -31.09565  -25.04762  19.4%   456 216280s
 8813028 4696913  -29.31110   79  213  -31.09565  -25.04765  19.4%   455 216297s
 8816935 4699143  -30.13414  360   69  -31.09565  -25.04767  19.4%   455 216316s
 8819796 4700979  -26.16380   77  315  -31.09565  -25.04768  19.4%   455 216337s
 8822380 4702930  -26.55130   91  278  -31.09565  -25.04772  19.4%   455 216360s
 8824992 4705484  -26.06502   75  297  -31.09565  -25.04773  19.4%   455 216384s
 8828241 4707230     cutoff  151       -31.09565  -25.04775  19.4%   455 216410s
 8830677 4708381  -28.32118  137  221  -31.09565  -25.04778  19.4%   455 216437s
 8832600 4710575     cutoff  117       -31.09565  -25.04780  19.4%   455 216468s
 8835510 4712105  -25.48403   58  322  -31.09565  -25.04782  19.4%   456 216499s
 8838007 4713551  -25.26754   55  325  -31.09565  -25.04785  19.4%   456 216531s
 8840032 4714797     cutoff   75       -31.09565  -25.04787  19.4%   456 216565s
 8842378 4716287  -25.35817   56  310  -31.09565  -25.04789  19.4%   456 216599s
 8844532 4718045     cutoff  117       -31.09565  -25.04791  19.4%   456 216639s
 8847350 4720704     cutoff  137       -31.09565  -25.04794  19.4%   456 216678s
 8850946 4722974  -26.19104   74  313  -31.09565  -25.04796  19.4%   456 216712s
 8853966 4724671  -25.06448   66  357  -31.09565  -25.04799  19.4%   456 216743s
 8856401 4725880  -27.05247   72  256  -31.09565  -25.04800  19.4%   456 216773s
 8858467 4727718  -27.13927   75  289  -31.09565  -25.04803  19.4%   456 216803s
 8861137 4729554  -29.08741   71  266  -31.09565  -25.04805  19.4%   456 216836s
 8863770 4732031  -26.39329  117  275  -31.09565  -25.04809  19.4%   456 216871s
 8867076 4733703  -25.78629   53  274  -31.09565  -25.04812  19.4%   456 216900s
 8869383 4736108  -26.63457   65  278  -31.09565  -25.04815  19.4%   456 216932s
 8872807 4737769     cutoff   71       -31.09565  -25.04817  19.4%   456 216962s
 8875316 4740071  -25.09502   61  289  -31.09565  -25.04819  19.4%   456 216996s
 8878360 4742040  -26.61524  108  275  -31.09565  -25.04820  19.4%   456 217026s
 8880991 4744209  -26.45691   64  285  -31.09565  -25.04823  19.4%   456 217057s
 8883762 4745702  -25.35896   55  341  -31.09565  -25.04825  19.4%   456 217086s
 8885960 4747607  -26.46981   86  271  -31.09565  -25.04826  19.4%   456 217117s
 8888690 4748911  -27.06185   74  290  -31.09565  -25.04829  19.4%   456 217147s
 8890916 4750582  -27.04532   93  239  -31.09565  -25.04829  19.4%   456 217175s
 8893362 4752000  -29.63994  110  235  -31.09565  -25.04832  19.4%   456 217206s
 8895561 4755026  -26.62766  142  274  -31.09565  -25.04836  19.4%   456 217242s
 8899299 4756694     cutoff   81       -31.09565  -25.04838  19.4%   456 217275s
 8901678 4758462  -25.83116   83  321  -31.09565  -25.04841  19.4%   456 217313s
 8904355 4760701  -25.15476   61  318  -31.09565  -25.04843  19.4%   456 217347s
 8907514 4762518  -26.68584   94  299  -31.09565  -25.04843  19.4%   456 217376s
 8910090 4764705  -29.99413  113  222  -31.09565  -25.04846  19.4%   456 217408s
 8913088 4766890  -26.64507   52  312  -31.09565  -25.04848  19.4%   456 217441s
 8916057 4768322  -25.68481   70  287  -31.09565  -25.04850  19.4%   456 217469s
 8918073 4770137  -25.12287   63  330  -31.09565  -25.04853  19.4%   456 217499s
 8920579 4772310  -25.18323   55  297  -31.09565  -25.04855  19.4%   456 217533s
 8923506 4774917  -25.35144   60  296  -31.09565  -25.04858  19.4%   456 217563s
 8926849 4777507  -29.01639   82  278  -31.09565  -25.04860  19.4%   456 217594s
 8930131 4779278  -26.68143   83  278  -31.09565  -25.04862  19.4%   456 217620s
 8932495 4781033  -27.48963   60  259  -31.09565  -25.04864  19.4%   456 217648s
 8934925 4782828  -30.47897  185  171  -31.09565  -25.04867  19.4%   456 217677s
 8937315 4785039  -25.07321   64  318  -31.09565  -25.04869  19.4%   456 217710s
 8940334 4787037     cutoff   82       -31.09565  -25.04871  19.4%   456 217741s
 8943030 4788595  -25.20436   66  321  -31.09565  -25.04874  19.4%   456 217771s
 8945361 4789767     cutoff   66       -31.09565  -25.04875  19.4%   456 217806s
 8947451 4791994  -26.12391   86  299  -31.09565  -25.04877  19.4%   456 217849s
 8950576 4794864     cutoff   82       -31.09565  -25.04878  19.4%   456 217890s
 8954340 4796949  -26.23373   61  311  -31.09565  -25.04881  19.4%   456 231653s
 8957277 4798823  -29.15218   73  245  -31.09565  -25.04881  19.4%   456 231672s
 8960137 4800223  -25.21903   66  332  -31.09565  -25.04882  19.4%   456 231689s
 8962183 4802142  -25.69892   68  269  -31.09565  -25.04885  19.4%   456 231708s
 8964916 4804132  -25.42207   89  271  -31.09565  -25.04887  19.4%   457 231728s
 8967610 4806169  -26.30624   53  337  -31.09565  -25.04888  19.4%   457 231750s
 8970491 4807780  -25.67330   57  325  -31.09565  -25.04890  19.4%   457 231772s
 8972940 4810004     cutoff   67       -31.09565  -25.04893  19.4%   457 231795s
 8975939 4811905  -25.73038   76  310  -31.09565  -25.04895  19.4%   457 231819s
 8978827 4813687     cutoff   68       -31.09565  -25.04897  19.4%   457 231844s
 8981431 4815277  -25.22375   81  299  -31.09565  -25.04899  19.4%   457 231869s
 8983870 4816913  -25.55655   62  287  -31.09565  -25.04899  19.4%   457 231897s
 8986408 4818538  -30.58391   95  199  -31.09565  -25.04901  19.4%   457 231925s
 8988891 4819944     cutoff  112       -31.09565  -25.04903  19.4%   457 231955s
 8991296 4822238  -25.64951   66  307  -31.09565  -25.04904  19.4%   457 231987s
 8994575 4824735     cutoff   76       -31.09565  -25.04906  19.4%   457 232019s
 8997911 4826434  -25.40302   61  321  -31.09565  -25.04909  19.4%   457 232051s
 9000295 4828408  -25.07329   67  357  -31.09565  -25.04911  19.4%   457 232084s
 9003148 4829895  -29.93544   98  245  -31.09565  -25.04913  19.4%   457 232115s
 9005443 4832323  -26.10933   69  322  -31.09565  -25.04915  19.4%   457 232148s
 9008899 4834346  -29.83415   63  262  -31.09565  -25.04917  19.4%   457 232177s
 9011641 4836304  -25.47041   64  308  -31.09565  -25.04919  19.4%   457 232206s
 9014367 4838118  -25.97326   71  283  -31.09565  -25.04921  19.4%   457 232235s
 9016922 4839773  -29.82075  124  217  -31.09565  -25.04923  19.4%   457 232266s
 9019423 4841475  -26.40789   86  272  -31.09565  -25.04925  19.4%   457 232297s
 9021763 4843370  -26.16195   83  318  -31.09565  -25.04928  19.4%   457 232335s
 9024291 4845789  -25.18854   63  325  -31.09565  -25.04930  19.4%   457 232370s
 9027620 4847869  -25.10979   57  324  -31.09565  -25.04934  19.4%   457 232399s
 9030546 4849753  -26.15727   68  243  -31.09565  -25.04935  19.4%   457 232426s
 9033091 4852557  -30.68892   82  212  -31.09565  -25.04937  19.4%   457 232463s
 9036691 4854911  -25.33196   60  272  -31.09565  -25.04938  19.4%   457 232488s
 9039699 4856802     cutoff   96       -31.09565  -25.04940  19.4%   457 232512s
 9042366 4858983  -26.49326  119  276  -31.09565  -25.04942  19.4%   457 232536s
 9045003 4860565  -27.32620  116  265  -31.09565  -25.04944  19.4%   457 232561s
 9047144 4862394     cutoff   75       -31.09565  -25.04946  19.4%   457 232587s
 9049583 4864116  -26.05941   68  260  -31.09565  -25.04949  19.4%   457 232615s
 9052253 4865597  -26.42856   74  280  -31.09565  -25.04950  19.4%   457 232644s
 9054557 4867238  -30.60851   98  228  -31.09565  -25.04951  19.4%   457 232674s
 9056932 4869956  -25.17213   51  321  -31.09565  -25.04954  19.4%   457 232709s
 9060557 4872222  -25.30122   63  328  -31.09565  -25.04955  19.4%   457 232739s
 9063616 4874128  -26.13422   73  255  -31.09565  -25.04958  19.4%   457 238948s
 9066332 4875859  -30.97786  123  235  -31.09565  -25.04959  19.4%   457 238964s
 9068785 4878068  -25.54712   63  282  -31.09565  -25.04962  19.4%   457 238980s
 9071713 4879734 infeasible  117       -31.09565  -25.04963  19.4%   457 238993s
 9073913 4882402  -25.58675   91  290  -31.09565  -25.04965  19.4%   457 239010s
 9077632 4883510  -25.85046   75  266  -31.09565  -25.04968  19.4%   457 239031s
 9079663 4885955  -25.32368   68  287  -31.09565  -25.04969  19.4%   457 239054s
 9083101 4887610  -25.32518   60  320  -31.09565  -25.04971  19.4%   457 239076s
 9085626 4889698  -30.86460  144  206  -31.09565  -25.04972  19.4%   457 239097s
 9088631 4890853  -28.83045   99  246  -31.09565  -25.04975  19.4%   457 239118s
 9090396 4892822     cutoff   73       -31.09565  -25.04977  19.4%   457 239727s
 9093028 4895368  -25.52579   67  295  -31.09565  -25.04980  19.4%   457 240835s
 9096398 4896931  -30.08925   81  237  -31.09565  -25.04982  19.4%   457 240845s
 9098751 4898209  -25.22394   60  287  -31.09565  -25.04984  19.4%   457 240859s
 9100873 4901052  -28.56160   72  216  -31.09565  -25.04986  19.4%   457 240884s
 9104750 4902748  -29.00455  273  130  -31.09565  -25.04987  19.4%   457 240911s
 9107254 4905191  -25.23430   57  337  -31.09565  -25.04990  19.4%   457 240938s
 9110403 4906649  -26.43017  111  249  -31.09565  -25.04993  19.4%   457 240969s
 9112887 4907926     cutoff  105       -31.09565  -25.04994  19.4%   457 241000s
 9115121 4909681  -29.37945  160  199  -31.09565  -25.04997  19.4%   457 241037s
 9117705 4912060  -27.25327   81  290  -31.09565  -25.04999  19.4%   457 241074s
 9120715 4914201  -26.54637  156  237  -31.09565  -25.05001  19.4%   457 241110s
 9123561 4916098  -25.44879   62  325  -31.09565  -25.05002  19.4%   457 241143s
 9126072 4917938  -26.49320   80  286  -31.09565  -25.05005  19.4%   457 241180s
 9128609 4919837  -29.17676  105  250  -31.09565  -25.05007  19.4%   457 241219s
 9131205 4921609  -26.27781  104  301  -31.09565  -25.05009  19.4%   457 241258s
 9133755 4923401  -25.41713   60  303  -31.09565  -25.05011  19.4%   457 241296s
 9136265 4925017  -25.11475   57  315  -31.09565  -25.05014  19.4%   457 241338s
 9138526 4927641     cutoff   75       -31.09565  -25.05016  19.4%   458 241379s
 9141781 4929975  -25.17940   75  338  -31.09565  -25.05017  19.4%   458 241416s
 9144924 4931998  -30.04463  101  199  -31.09565  -25.05019  19.4%   458 241455s
 9147621 4933896  -26.27843   96  288  -31.09565  -25.05021  19.4%   458 241492s
 9150395 4935196  -26.06292   86  247  -31.09565  -25.05022  19.4%   458 241529s
 9152440 4936423  -26.10867   50  278  -31.09565  -25.05025  19.4%   458 241569s
 9154544 4939035  -26.32440   64  270  -31.09565  -25.05026  19.4%   458 241609s
 9157919 4941312  -26.80152  118  257  -31.09565  -25.05027  19.4%   458 241648s
 9161017 4943041  -25.27038   79  327  -31.09565  -25.05028  19.4%   458 241685s
 9163637 4944844  -25.07717   46  357  -31.09565  -25.05031  19.4%   458 241724s
 9166307 4946551  -25.44279   58  283  -31.09565  -25.05033  19.4%   458 241764s
 9168723 4948382  -30.65178   76  226  -31.09565  -25.05034  19.4%   458 241801s
 9171308 4950789  -27.02691   70  286  -31.09565  -25.05037  19.4%   458 241843s
 9174419 4952847     cutoff   88       -31.09565  -25.05039  19.4%   458 241880s
 9177146 4954454  -26.18286   89  244  -31.09565  -25.05041  19.4%   458 241918s
 9179488 4955885  -26.59059   70  255  -31.09565  -25.05042  19.4%   458 241954s
 9181871 4957641  -30.61061   88  209  -31.09565  -25.05044  19.4%   458 241992s
 9184294 4958767  -26.29491   72  248  -31.09565  -25.05047  19.4%   458 242030s
 9186314 4960604     cutoff   69       -31.09565  -25.05048  19.4%   458 242071s
 9189077 4962285  -27.34084  152  276  -31.09565  -25.05051  19.4%   458 242110s
 9191464 4964467  -25.07047   57  362  -31.09565  -25.05053  19.4%   458 242149s
 9194301 4967130  -25.99477   67  293  -31.09565  -25.05055  19.4%   458 242187s
 9197722 4968792  -26.07406   68  296  -31.09565  -25.05056  19.4%   458 242217s
 9199900 4969866  -25.34029   62  349  -31.09565  -25.05058  19.4%   458 242252s
 9201715 4970937  -26.30882  100  254  -31.09565  -25.05060  19.4%   458 242288s
 9203575 4973037     cutoff   74       -31.09565  -25.05062  19.4%   458 242326s
 9206588 4974784     cutoff   87       -31.09565  -25.05063  19.4%   458 242363s
 9208970 4976814  -27.55185  120  248  -31.09565  -25.05066  19.4%   458 242404s
 9211778 4978140  -25.54700   60  312  -31.09565  -25.05069  19.4%   458 242444s
 9213979 4980236  -25.12803   55  329  -31.09565  -25.05070  19.4%   458 242482s
 9216786 4982576  -26.06871   90  285  -31.09565  -25.05071  19.4%   458 242518s
 9219917 4984818  -25.43634   67  313  -31.09565  -25.05073  19.4%   458 242554s
 9222646 4987422  -31.00020  124  192  -31.09565  -25.05075  19.4%   458 242591s
 9226018 4989414  -25.11168   51  338  -31.09565  -25.05076  19.4%   458 242630s
 9228524 4991465  -26.33994  140  266  -31.09565  -25.05077  19.4%   458 242665s
 9231242 4992926  -27.93001  185  204  -31.09565  -25.05079  19.4%   458 242696s
 9233285 4995166  -25.80688   83  310  -31.09565  -25.05081  19.4%   458 242730s
 9236376 4996919     cutoff   77       -31.09565  -25.05084  19.4%   458 242773s
 9239036 4998664  -30.71177  167  164  -31.09565  -25.05085  19.4%   458 242810s
 9241734 5000293  -26.59650  107  298  -31.09565  -25.05087  19.4%   458 242847s
 9244298 5002829  -27.49829  127  283  -31.09565  -25.05088  19.4%   458 242882s
 9247562 5004227     cutoff  117       -31.09565  -25.05090  19.4%   458 242904s
 9249734 5005333  -25.18988   75  303  -31.09565  -25.05092  19.4%   458 242932s
 9251729 5006355  -25.42599   63  307  -31.09565  -25.05094  19.4%   458 242964s
 9253565 5008226     cutoff   59       -31.09565  -25.05096  19.4%   458 242997s
 9256362 5009925  -27.94402  155  222  -31.09565  -25.05098  19.4%   458 243030s
 9258989 5012722  -26.81205  114  267  -31.09565  -25.05100  19.4%   458 243062s
 9262510 5014618  -28.18858  278  122  -31.09565  -25.05102  19.4%   458 243091s
 9264970 5016748     cutoff   92       -31.09565  -25.05103  19.4%   458 243113s
 9267706 5018233  -26.58254   75  252  -31.09565  -25.05105  19.4%   458 243131s
 9269670 5020265  -27.65056   78  297  -31.09565  -25.05106  19.4%   458 243154s
 9272187 5021652  -26.61538   84  268  -31.09565  -25.05108  19.4%   458 243180s
 9274155 5023111  -27.03923   96  284  -31.09565  -25.05109  19.4%   458 243210s
 9276300 5025093  -26.34318   76  287  -31.09565  -25.05110  19.4%   458 243240s
 9279051 5026750  -25.18860   57  308  -31.09565  -25.05112  19.4%   458 243273s
 9281269 5028806  -27.91839   83  235  -31.09565  -25.05114  19.4%   458 243308s
 9284014 5030479  -29.34184  140  215  -31.09565  -25.05117  19.4%   458 243346s
 9286469 5031633  -25.45971   64  312  -31.09565  -25.05118  19.4%   458 243392s
 9288538 5033076  -26.68307   71  274  -31.09565  -25.05120  19.4%   458 243436s
 9290883 5035355     cutoff   81       -31.09565  -25.05121  19.4%   458 243489s
 9294007 5037586  -25.56941   66  284  -31.09565  -25.05124  19.4%   458 243534s
 9296904 5039593  -30.55437  125  229  -31.09565  -25.05126  19.4%   458 243579s
 9299571 5041503  -26.81553   75  279  -31.09565  -25.05129  19.4%   458 243619s
 9302172 5044237  -29.87752   77  227  -31.09565  -25.05132  19.4%   458 243659s
 9305942 5046087  -27.27630   64  235  -31.09565  -25.05135  19.4%   458 243696s
 9308509 5048248     cutoff   69       -31.09565  -25.05137  19.4%   458 243734s
 9311457 5050004  -27.58175  101  228  -31.09565  -25.05139  19.4%   458 243760s
 9313697 5051374  -25.31376   67  328  -31.09565  -25.05141  19.4%   458 243786s
 9315890 5053325  -25.06502   66  331  -31.09565  -25.05142  19.4%   459 243814s
 9318694 5054904  -29.76643  112  239  -31.09565  -25.05144  19.4%   459 243843s
 9321256 5057566  -26.08705   64  306  -31.09565  -25.05146  19.4%   459 243875s
 9324664 5059808  -27.33984  102  231  -31.09565  -25.05148  19.4%   459 243907s
 9327633 5061895  -25.37026   59  325  -31.09565  -25.05150  19.4%   459 243938s
 9330433 5063203  -27.51552   58  285  -31.09565  -25.05152  19.4%   459 243968s
 9332341 5065113  -25.22248   71  331  -31.09565  -25.05154  19.4%   459 244007s
 9334909 5067148  -30.16844  131  156  -31.09565  -25.05155  19.4%   459 244049s
 9338004 5069771  -26.74221   74  266  -31.09565  -25.05157  19.4%   459 244087s
 9341167 5069782  -28.73713  295  129  -31.09565  -25.05159  19.4%   459 244354s
H9341173 5067948                     -31.0926005  -25.05159  19.4%   459 244388s
 9341192 5070082  -28.73713  296  128  -31.09260  -25.05160  19.4%   459 244430s
 9343732 5072258  -26.65430  117  270  -31.09260  -25.05161  19.4%   459 244490s
 9346766 5074118     cutoff   92       -31.09260  -25.05164  19.4%   459 244535s
 9349374 5076358     cutoff  147       -31.09260  -25.05166  19.4%   459 244576s
 9352319 5077866     cutoff  129       -31.09260  -25.05169  19.4%   459 244620s
 9354691 5079270  -26.28320   89  291  -31.09260  -25.05170  19.4%   459 244659s
 9356846 5081008  -25.99460   78  316  -31.09260  -25.05173  19.4%   459 244695s
 9359382 5083517  -26.42578  100  266  -31.09260  -25.05174  19.4%   459 244737s
 9362680 5085673  -30.14606  107  160  -31.09260  -25.05177  19.4%   459 244777s
 9365512 5088506     cutoff   80       -31.09260  -25.05178  19.4%   459 244817s
 9369009 5090070  -26.70891   81  261  -31.09260  -25.05181  19.4%   459 244853s
 9371333 5092295  -27.37322   52  269  -31.09260  -25.05182  19.4%   459 244893s
 9374239 5094270  -28.60132  114  229  -31.09260  -25.05185  19.4%   459 244933s
 9376920 5096932  -28.26887   98  261  -31.09260  -25.05187  19.4%   459 244970s
 9380213 5099486  -29.87925  117  201  -31.09260  -25.05188  19.4%   459 245004s
 9383612 5101446     cutoff   83       -31.09260  -25.05190  19.4%   459 245036s
 9385963 5104063  -25.77760   70  288  -31.09260  -25.05191  19.4%   459 245073s
 9389244 5105503  -30.98242   76  244  -31.09260  -25.05194  19.4%   459 245104s
 9391274 5106807  -30.93241   80  232  -31.09260  -25.05195  19.4%   459 245138s
 9393261 5108816  -26.61806   82  257  -31.09260  -25.05198  19.4%   459 245178s
 9396072 5109865  -25.29575   76  327  -31.09260  -25.05199  19.4%   459 245218s
 9397869 5111916     cutoff   80       -31.09260  -25.05201  19.4%   459 245263s
 9400673 5114272     cutoff  108       -31.09260  -25.05203  19.4%   459 245311s
 9403772 5116623     cutoff   83       -31.09260  -25.05206  19.4%   459 245351s
 9406800 5118024  -25.41215   56  337  -31.09260  -25.05209  19.4%   459 245396s
 9409080 5120307  -25.61995   72  299  -31.09260  -25.05210  19.4%   459 245442s
 9412262 5121940  -25.65665   60  309  -31.09260  -25.05212  19.4%   459 245487s
 9414746 5123866     cutoff   67       -31.09260  -25.05213  19.4%   459 245530s
 9417161 5126800  -27.78445  177  211  -31.09260  -25.05216  19.4%   459 245567s
 9420994 5128208 infeasible  111       -31.09260  -25.05217  19.4%   459 245592s
 9422935 5130104  -25.90689   63  261  -31.09260  -25.05219  19.4%   459 245620s
 9425274 5131671  -30.50858   71  214  -31.09260  -25.05220  19.4%   459 245649s
 9427519 5133858  -27.11642   90  248  -31.09260  -25.05222  19.4%   459 245681s
 9430337 5135331     cutoff   74       -31.09260  -25.05224  19.4%   459 245711s
 9432321 5137582     cutoff   74       -31.09260  -25.05225  19.4%   459 245743s
 9435177 5139055  -25.98591   70  308  -31.09260  -25.05226  19.4%   459 245776s
 9437221 5141108  -26.29805  110  307  -31.09260  -25.05228  19.4%   459 245818s
 9439882 5143023  -25.55766   68  272  -31.09260  -25.05229  19.4%   459 245855s
 9442480 5144330  -25.18539   54  335  -31.09260  -25.05231  19.4%   459 245873s
 9444843 5146594  -25.13121   58  347  -31.09260  -25.05233  19.4%   459 245904s
 9447906 5148991  -26.95855  189  225  -31.09260  -25.05235  19.4%   459 245931s
 9451107 5150722  -29.24087   97  264  -31.09260  -25.05239  19.4%   459 245961s
 9453621 5152715  -25.73581   73  283  -31.09260  -25.05241  19.4%   459 245994s
 9456329 5154325  -25.99531   69  313  -31.09260  -25.05243  19.4%   459 246024s
 9458767 5156212  -26.20285   82  286  -31.09260  -25.05244  19.4%   459 246059s
 9461482 5157769  -30.81695  124  205  -31.09260  -25.05247  19.4%   459 246098s
 9463834 5159542  -26.61551   98  248  -31.09260  -25.05249  19.4%   459 246144s
 9466230 5161777     cutoff   72       -31.09260  -25.05251  19.4%   459 246188s
 9469268 5163961  -26.32956   80  317  -31.09260  -25.05253  19.4%   459 246225s
 9472291 5166085     cutoff   88       -31.09260  -25.05255  19.4%   459 246241s
 9475425 5168154  -25.19439   72  296  -31.09260  -25.05258  19.4%   459 246268s
 9478064 5170479  -25.69454   77  320  -31.09260  -25.05259  19.4%   459 246297s
 9481151 5172420     cutoff   85       -31.09260  -25.05262  19.4%   459 246334s
 9483794 5173640  -30.14131   79  267  -31.09260  -25.05263  19.4%   459 246368s
 9485810 5175655  -25.46376   84  300  -31.09260  -25.05265  19.4%   459 246403s
 9488574 5177802  -25.89717   63  320  -31.09260  -25.05266  19.4%   459 246438s
 9491442 5179151  -26.92809  128  234  -31.09260  -25.05268  19.4%   459 246479s
 9493434 5181029     cutoff   72       -31.09260  -25.05270  19.4%   459 246519s
 9494668 5181029  -26.32542   76  297  -31.09260  -25.05270  19.4%   459 246520s
 9496173 5183254  -29.88549  125  224  -31.09260  -25.05272  19.4%   459 246562s
 9499127 5185357 infeasible  120       -31.09260  -25.05274  19.4%   459 246606s
 9501980 5187532  -29.81636   83  225  -31.09260  -25.05276  19.4%   459 246647s
 9504963 5189706  -26.09869   98  290  -31.09260  -25.05277  19.4%   459 246694s
 9507810 5191698  -30.71759  132  205  -31.09260  -25.05280  19.4%   459 246735s
 9510487 5193877  -25.09335   74  319  -31.09260  -25.05282  19.4%   459 246777s
 9513365 5195649     cutoff   74       -31.09260  -25.05284  19.4%   459 246818s
 9515843 5198145  -26.72319   84  280  -31.09260  -25.05286  19.4%   459 246858s
 9519066 5199497     cutoff  198       -31.09260  -25.05288  19.4%   459 246897s
 9521106 5201081  -30.55686   63  225  -31.09260  -25.05291  19.4%   459 246937s
 9523592 5203324     cutoff  101       -31.09260  -25.05291  19.4%   459 246978s
 9526936 5205182  -25.32288   73  343  -31.09260  -25.05293  19.4%   459 247016s
 9529433 5207277     cutoff  108       -31.09260  -25.05296  19.4%   459 247057s
 9532202 5208672  -25.82177   72  287  -31.09260  -25.05298  19.4%   459 247100s
 9534460 5211022  -26.43946   97  286  -31.09260  -25.05299  19.4%   459 247153s
 9537726 5212878  -27.70730  110  241  -31.09260  -25.05300  19.4%   459 247198s
 9540372 5215327  -29.32392   96  266  -31.09260  -25.05304  19.4%   459 247242s
 9543489 5217607  -30.09840  150  235  -31.09260  -25.05306  19.4%   459 247285s
 9546595 5219339  -29.00237   89  179  -31.09260  -25.05308  19.4%   459 247329s
 9549048 5220862  -26.39040   65  270  -31.09260  -25.05310  19.4%   459 247368s
 9551343 5222930  -30.60457  132  181  -31.09260  -25.05310  19.4%   459 247405s
 9554245 5224761  -26.99333  112  257  -31.09260  -25.05315  19.4%   459 247441s
 9556633 5226821  -25.21165   58  331  -31.09260  -25.05317  19.4%   459 247484s
 9559403 5228807  -25.15010   67  318  -31.09260  -25.05319  19.4%   459 247522s
 9562361 5230429  -25.97063   77  265  -31.09260  -25.05321  19.4%   459 247562s
 9564737 5233304  -25.66746   64  317  -31.09260  -25.05323  19.4%   459 247612s
 9568293 5235648  -25.06472   66  344  -31.09260  -25.05324  19.4%   459 247657s
 9571438 5237714  -25.27990   76  328  -31.09260  -25.05327  19.4%   459 247701s
 9574285 5239302  -27.11988   99  236  -31.09260  -25.05328  19.4%   459 247734s
 9576804 5240531  -25.39334   73  313  -31.09260  -25.05329  19.4%   459 247767s
 9578863 5243489     cutoff   87       -31.09260  -25.05332  19.4%   459 247811s
 9582891 5246035  -25.72575   64  318  -31.09260  -25.05335  19.4%   459 247853s
 9586094 5248205  -25.56463   52  329  -31.09260  -25.05337  19.4%   459 247891s
 9588988 5249840  -28.07508   90  182  -31.09260  -25.05339  19.4%   459 247925s
 9591361 5251561  -27.10663  107  213  -31.09260  -25.05341  19.4%   459 247960s
 9593806 5253566  -25.84926   68  324  -31.09260  -25.05343  19.4%   459 247995s
 9596447 5255536  -30.72952   83  226  -31.09260  -25.05345  19.4%   459 248032s
 9599065 5257394  -26.39874  117  277  -31.09260  -25.05347  19.4%   459 248074s
 9601568 5259320  -25.42638   81  298  -31.09260  -25.05349  19.4%   459 248111s
 9604189 5261419     cutoff  188       -31.09260  -25.05351  19.4%   459 248146s
 9607043 5263455  -26.52681   80  284  -31.09260  -25.05354  19.4%   459 248180s
 9609814 5265857  -25.52197   68  300  -31.09260  -25.05357  19.4%   459 248216s
 9613103 5267583     cutoff  101       -31.09260  -25.05359  19.4%   459 248254s
 9615530 5269835  -25.13183   51  307  -31.09260  -25.05361  19.4%   459 248292s
 9618502 5271920     cutoff  115       -31.09260  -25.05363  19.4%   459 248325s
 9621302 5273781  -25.46270   53  311  -31.09260  -25.05364  19.4%   459 248361s
 9623795 5276281  -29.35410   71  263  -31.09260  -25.05367  19.4%   459 248400s
 9627194 5277633  -30.71455  179  230  -31.09260  -25.05369  19.4%   459 248438s
 9629467 5279283  -25.52721   63  284  -31.09260  -25.05370  19.4%   459 248473s
 9631826 5281463     cutoff   92       -31.09260  -25.05372  19.4%   460 248508s
 9634766 5283900     cutoff  211       -31.09260  -25.05375  19.4%   460 248548s
 9637869 5286120  -29.91203  107  222  -31.09260  -25.05377  19.4%   460 248582s
 9640850 5287441  -25.26893   69  328  -31.09260  -25.05378  19.4%   460 248622s
 9643065 5289169  -26.51374   64  286  -31.09260  -25.05380  19.4%   460 248655s
 9645476 5291416  -27.02208   59  259  -31.09260  -25.05381  19.4%   460 248700s
 9648468 5293439  -30.42612  148  183  -31.09260  -25.05383  19.4%   460 248738s
 9651344 5295096  -25.80586   77  282  -31.09260  -25.05386  19.4%   460 248777s
 9653635 5297231  -29.86215  116  215  -31.09260  -25.05388  19.4%   460 248813s
 9656553 5299003  -25.11546   56  348  -31.09260  -25.05391  19.4%   460 248855s
 9659206 5301530  -25.15821   68  348  -31.09260  -25.05393  19.4%   460 248893s
 9662446 5303488  -25.13049   58  356  -31.09260  -25.05394  19.4%   460 248930s
 9665208 5305611  -25.21878   61  299  -31.09260  -25.05397  19.4%   460 248961s
 9667915 5307489     cutoff   96       -31.09260  -25.05399  19.4%   460 248994s
 9670539 5309824  -26.44082   84  272  -31.09260  -25.05401  19.4%   460 249035s
 9673648 5311963     cutoff   96       -31.09260  -25.05404  19.4%   460 249076s
 9676418 5314568  -30.73410   77  218  -31.09260  -25.05406  19.4%   460 249107s
 9679803 5316203  -28.09595  205  198  -31.09260  -25.05407  19.4%   460 249147s
 9682284 5317572  -26.89435   93  249  -31.09260  -25.05409  19.4%   460 249180s
 9684320 5318886     cutoff   92       -31.09260  -25.05410  19.4%   460 249213s
 9686319 5321197  -25.77549   73  288  -31.09260  -25.05413  19.4%   460 249247s
 9689329 5322951  -25.25378   55  310  -31.09260  -25.05415  19.4%   460 249282s
 9691961 5324723  -26.34413   65  233  -31.09260  -25.05416  19.4%   460 249321s
 9694451 5327106  -25.14472   55  310  -31.09260  -25.05418  19.4%   460 249360s
 9697635 5328968  -25.27393   68  319  -31.09260  -25.05420  19.4%   460 249398s
 9700213 5330829  -26.97486  108  238  -31.09260  -25.05422  19.4%   460 249441s
 9702759 5332679  -27.24537   56  274  -31.09260  -25.05424  19.4%   460 249482s
 9705275 5335447  -27.03546   80  293  -31.09260  -25.05426  19.4%   460 249518s
 9708829 5337330  -25.43985   61  311  -31.09260  -25.05428  19.4%   460 249553s
 9711410 5339470  -26.73546   73  257  -31.09260  -25.05430  19.4%   460 249589s
 9714263 5341352  -30.23222   81  238  -31.09260  -25.05432  19.4%   460 249624s
 9716695 5343134  -26.81735  127  259  -31.09260  -25.05434  19.4%   460 249665s
 9719217 5345452  -25.47338   55  332  -31.09260  -25.05436  19.4%   460 249699s
 9722269 5346924  -29.87300  105  216  -31.09260  -25.05437  19.4%   460 249732s
 9724320 5349308  -25.65317   68  304  -31.09260  -25.05440  19.4%   460 249768s
 9727386 5351864  -25.48782   81  311  -31.09260  -25.05441  19.4%   460 249801s
 9730711 5353868  -29.07122   96  193  -31.09260  -25.05443  19.4%   460 249829s
 9733452 5355976  -26.21806   64  270  -31.09260  -25.05445  19.4%   460 249860s
 9736209 5357356  -30.82022  106  234  -31.09260  -25.05446  19.4%   460 249890s
 9738255 5359859  -25.93947   77  337  -31.09260  -25.05449  19.4%   460 249928s
 9741515 5362119  -25.12628   68  284  -31.09260  -25.05451  19.4%   460 249965s
 9744408 5363958  -30.90922  105  237  -31.09260  -25.05452  19.4%   460 250007s
 9747086 5365616  -25.16895   67  335  -31.09260  -25.05454  19.4%   460 250044s
 9749597 5367362  -25.19762   60  305  -31.09260  -25.05455  19.4%   460 250077s
 9752011 5370032  -28.61427  213  190  -31.09260  -25.05458  19.4%   460 250110s
 9755410 5372078  -25.84309   71  283  -31.09260  -25.05460  19.4%   460 250143s
 9758045 5374001  -25.64269   79  331  -31.09260  -25.05462  19.4%   460 250178s
 9761002 5375436  -25.15677   70  329  -31.09260  -25.05464  19.4%   460 250212s
 9763304 5377675     cutoff   91       -31.09260  -25.05466  19.4%   460 250244s
 9766346 5379568  -25.37058   65  319  -31.09260  -25.05467  19.4%   460 250277s
 9768959 5381645     cutoff  101       -31.09260  -25.05470  19.4%   460 250313s
 9771685 5383487  -26.44176   91  279  -31.09260  -25.05471  19.4%   460 250346s
 9774229 5385782     cutoff   77       -31.09260  -25.05474  19.4%   460 250380s
 9777259 5387727  -26.11024   60  302  -31.09260  -25.05475  19.4%   460 250415s
 9779935 5389741  -25.18360   60  306  -31.09260  -25.05477  19.4%   460 250447s
 9782657 5391568  -25.06820   65  342  -31.09260  -25.05478  19.4%   460 250479s
 9785104 5393614  -25.36913   74  301  -31.09260  -25.05480  19.4%   460 250515s
 9787946 5395608     cutoff   75       -31.09260  -25.05482  19.4%   460 250554s
 9790796 5397669  -25.76720   73  315  -31.09260  -25.05484  19.4%   460 250595s
 9793475 5399881  -26.80609  108  269  -31.09260  -25.05486  19.4%   460 250627s
 9796531 5402301  -25.09755   74  326  -31.09260  -25.05488  19.4%   460 250657s
 9799531 5404525  -26.58124  120  267  -31.09260  -25.05489  19.4%   460 250688s
 9802548 5405802     cutoff   80       -31.09260  -25.05491  19.4%   460 250716s
 9804501 5407495  -26.00064   88  307  -31.09260  -25.05493  19.4%   460 250747s
 9806993 5409484  -27.45847  123  210  -31.09260  -25.05495  19.4%   460 250779s
 9809769 5411365  -26.18462   72  286  -31.09260  -25.05498  19.4%   460 250809s
 9812365 5412852  -30.30357   77  250  -31.09260  -25.05500  19.4%   460 250839s
 9814581 5414929  -29.25810  105  243  -31.09260  -25.05503  19.4%   460 250869s
 9817451 5416976     cutoff   65       -31.09260  -25.05504  19.4%   460 250901s
 9820308 5419415  -26.15844   58  292  -31.09260  -25.05506  19.4%   460 250934s
 9823876 5420767  -25.99927   89  308  -31.09260  -25.05508  19.4%   460 250969s
 9826193 5423015  -28.23412   88  223  -31.09260  -25.05510  19.4%   460 251013s
 9829479 5424855  -25.12416   63  341  -31.09260  -25.05513  19.4%   460 251055s
 9831969 5427200  -25.06743   83  330  -31.09260  -25.05515  19.4%   460 251095s
 9835015 5428713  -25.15239   59  324  -31.09260  -25.05517  19.4%   460 251135s
 9837251 5430480  -29.98383   77  281  -31.09260  -25.05518  19.4%   460 251174s
 9839979 5433012  -30.55268   87  233  -31.09260  -25.05520  19.4%   460 251215s
 9843258 5435696  -25.84224   58  325  -31.09260  -25.05521  19.4%   460 251252s
 9846659 5438246  -26.37673   92  297  -31.09260  -25.05523  19.4%   460 251289s
 9849889 5440185     cutoff   69       -31.09260  -25.05526  19.4%   460 251319s
 9852295 5442166  -25.21803   81  305  -31.09260  -25.05528  19.4%   460 251350s
 9854849 5444270  -30.45702  143  197  -31.09260  -25.05528  19.4%   460 251382s
 9857632 5445910  -28.56292   78  193  -31.09260  -25.05530  19.4%   460 251414s
 9860016 5447912     cutoff   75       -31.09260  -25.05531  19.4%   460 251445s
 9862678 5449524  -26.11679   72  310  -31.09260  -25.05532  19.4%   460 251479s
 9865000 5451553     cutoff   75       -31.09260  -25.05533  19.4%   460 251513s
 9867800 5453824  -25.44711   62  293  -31.09260  -25.05536  19.4%   460 251545s
 9870735 5455565  -25.40721   59  287  -31.09260  -25.05538  19.4%   460 251580s
 9873284 5457391  -25.38365   54  318  -31.09260  -25.05539  19.4%   460 251614s
 9875917 5459082  -27.55537   96  232  -31.09260  -25.05541  19.4%   460 251653s
 9878403 5460853  -28.24799   84  228  -31.09260  -25.05543  19.4%   460 251692s
 9880882 5462535  -26.38817   87  301  -31.09260  -25.05545  19.4%   460 251735s
 9883251 5464744  -28.10044   73  272  -31.09260  -25.05548  19.4%   460 251780s
 9886227 5466850  -26.81541   59  271  -31.09260  -25.05550  19.4%   460 251820s
 9889011 5468970  -25.50310   61  291  -31.09260  -25.05554  19.4%   460 251863s
 9891992 5470881  -25.11851   52  307  -31.09260  -25.05557  19.4%   460 251903s
 9894808 5472349  -26.46593  100  289  -31.09260  -25.05559  19.4%   460 251937s
 9896984 5475044  -28.70667   83  185  -31.09260  -25.05559  19.4%   460 251980s
 9900612 5477445  -25.53309   65  290  -31.09260  -25.05562  19.4%   460 252018s
 9903811 5479494  -25.39123   69  319  -31.09260  -25.05564  19.4%   460 252050s
 9906368 5481460  -25.80648   73  273  -31.09260  -25.05566  19.4%   460 252085s
 9908957 5483682  -30.84554   69  210  -31.09260  -25.05567  19.4%   460 252121s
 9911761 5485422  -29.30215   68  277  -31.09260  -25.05570  19.4%   460 252156s
 9914376 5486706  -25.89352   78  284  -31.09260  -25.05571  19.4%   460 252192s
 9916417 5488324  -25.39017   54  295  -31.09260  -25.05574  19.4%   460 252233s
 9918857 5490334  -29.76777   89  239  -31.09260  -25.05575  19.4%   460 252269s
 9921758 5491776  -27.57362  114  220  -31.09260  -25.05576  19.4%   460 252302s
 9923888 5493685     cutoff   93       -31.09260  -25.05580  19.4%   460 252338s
 9926705 5495143  -25.38018   53  298  -31.09260  -25.05582  19.4%   460 252374s
 9928973 5497102     cutoff   73       -31.09260  -25.05584  19.4%   460 252410s
 9931707 5499113  -26.81960   73  226  -31.09260  -25.05586  19.4%   460 252449s
 9934401 5501333  -30.12888   75  253  -31.09260  -25.05587  19.4%   460 252488s
 9937336 5502584  -26.77352  118  286  -31.09260  -25.05590  19.4%   460 252525s
 9939520 5504458  -26.62389  133  240  -31.09260  -25.05591  19.4%   460 252564s
 9942325 5506775  -25.06333   49  334  -31.09260  -25.05593  19.4%   461 252600s
 9945606 5508140  -26.58701  107  249  -31.09260  -25.05595  19.4%   460 252641s
 9947553 5509569  -26.75324  103  241  -31.09260  -25.05597  19.4%   461 252686s
 9949875 5511013  -25.05728   54  329  -31.09260  -25.05599  19.4%   461 252724s
 9951983 5512972  -25.11382   53  307  -31.09260  -25.05600  19.4%   461 252762s
 9954763 5514854  -25.29355   58  287  -31.09260  -25.05603  19.4%   461 252802s
 9957404 5516017     cutoff   91       -31.09260  -25.05604  19.4%   461 252838s
 9959436 5517602     cutoff   81       -31.09260  -25.05606  19.4%   461 252879s
 9961989 5519986     cutoff   77       -31.09260  -25.05607  19.4%   461 252918s
 9965375 5522305  -27.30405   73  285  -31.09260  -25.05609  19.4%   461 252959s
 9968401 5523699  -25.74631   54  322  -31.09260  -25.05610  19.4%   461 252992s
 9970451 5525462     cutoff   85       -31.09260  -25.05612  19.4%   461 253022s
 9972959 5526906     cutoff   56       -31.09260  -25.05614  19.4%   461 253060s
 9975191 5528622     cutoff   73       -31.09260  -25.05614  19.4%   461 253096s
 9977744 5530945  -30.75313  106  227  -31.09260  -25.05615  19.4%   461 253134s
 9980844 5532811  -25.05665   61  362  -31.09260  -25.05617  19.4%   461 253172s
 9983467 5535527  -25.64210   80  320  -31.09260  -25.05619  19.4%   461 253209s
 9987122 5537228  -25.46232   62  305  -31.09260  -25.05622  19.4%   461 253244s
 9989750 5538818  -25.36521   73  312  -31.09260  -25.05623  19.4%   461 253282s
 9992288 5541039  -25.67775   55  319  -31.09260  -25.05624  19.4%   461 253320s
 9995294 5543099  -26.38471  112  301  -31.09260  -25.05626  19.4%   461 253358s
 9998074 5545597  -27.17894   61  276  -31.09260  -25.05628  19.4%   461 253390s
 10001273 5547699  -27.90710   89  248  -31.09260  -25.05630  19.4%   461 253427s
 10004127 5549056  -26.48969   85  294  -31.09260  -25.05632  19.4%   461 253454s
 10006309 5551320  -25.77480   63  320  -31.09260  -25.05634  19.4%   461 253481s
 10009453 5552998  -25.95530   78  311  -31.09260  -25.05636  19.4%   461 253511s
 10012076 5555065  -25.30252   56  308  -31.09260  -25.05637  19.4%   461 253540s
 10014961 5556614  -25.75509   93  301  -31.09260  -25.05640  19.4%   461 253568s
 10017190 5558020     cutoff   77       -31.09260  -25.05641  19.4%   461 253595s
 10019360 5561056  -26.69701  152  254  -31.09260  -25.05641  19.4%   461 253624s
 10023216 5563630  -26.62718  118  275  -31.09260  -25.05644  19.4%   461 253652s
 10026685 5565465  -25.17734   60  340  -31.09260  -25.05645  19.4%   461 253678s
 10029115 5567898  -26.68663  130  285  -31.09260  -25.05648  19.4%   461 253705s
 10032262 5569927  -28.03234   70  269  -31.09260  -25.05651  19.4%   461 253731s
 10034944 5572147  -26.44330   99  304  -31.09260  -25.05652  19.4%   461 253758s
 10037868 5573930  -25.24694   61  301  -31.09260  -25.05654  19.4%   461 253784s
 10040349 5575486     cutoff   78       -31.09260  -25.05656  19.4%   461 253814s
 10042637 5577226  -25.57364   66  266  -31.09260  -25.05658  19.4%   461 253842s
 10045121 5579056  -26.88131   99  287  -31.09260  -25.05659  19.4%   461 253871s
 10047946 5580419  -25.86092   68  289  -31.09260  -25.05661  19.4%   461 253901s
 10050070 5582481  -25.59689   58  283  -31.09260  -25.05662  19.4%   461 253932s
 10052876 5584795  -25.33267   56  368  -31.09260  -25.05664  19.4%   461 253962s
 10056014 5586074  -26.31019  113  274  -31.09260  -25.05666  19.4%   461 253989s
 10058097 5588827  -26.36644   73  296  -31.09260  -25.05669  19.4%   461 254025s
 10061699 5591127  -25.18426   56  297  -31.09260  -25.05670  19.4%   461 254421s
 10064705 5593438  -26.44848   82  220  -31.09260  -25.05673  19.4%   461 254437s
 10067684 5595307     cutoff   83       -31.09260  -25.05675  19.4%   461 254450s
 10070298 5598186  -26.23159   79  307  -31.09260  -25.05677  19.4%   461 254464s
 10074007 5600065  -25.12105   61  319  -31.09260  -25.05679  19.4%   461 254483s
 10076525 5602501  -26.46719   79  257  -31.09260  -25.05681  19.4%   461 254505s
 10079643 5605649  -29.03929   87  286  -31.09260  -25.05684  19.4%   461 254526s
 10083592 5606733  -27.54337  148  227  -31.09260  -25.05685  19.4%   461 254539s
 10085194 5608134  -25.89152   70  305  -31.09260  -25.05687  19.4%   461 254556s
 10087175 5609291  -27.55668   75  248  -31.09260  -25.05688  19.4%   461 254574s
 10089177 5611028  -25.86374   56  292  -31.09260  -25.05689  19.4%   461 254592s
 10091536 5613037  -25.95491   70  321  -31.09260  -25.05691  19.4%   461 254611s
 10094257 5615281  -26.39835   89  306  -31.09260  -25.05694  19.4%   461 254629s
 10097081 5617920  -25.29792   48  318  -31.09260  -25.05696  19.4%   461 254648s
 10100422 5619993  -25.18109   78  309  -31.09260  -25.05699  19.4%   461 254666s
 10103032 5621830     cutoff   76       -31.09260  -25.05700  19.4%   461 254691s